[INFO] Scanning for projects...
[INFO] 
[INFO] ---------------------< com.simcop:simcop-backend >----------------------
[INFO] Building simcop-backend 0.0.1-SNAPSHOT
[INFO]   from pom.xml
[INFO] --------------------------------[ jar ]---------------------------------
[INFO] 
[INFO] --- clean:3.3.2:clean (default-clean) @ simcop-backend ---
[INFO] Deleting D:\desarrollos 2\simcop 3.0\backend\target
[INFO] 
[INFO] --- resources:3.3.1:resources (default-resources) @ simcop-backend ---
[INFO] Copying 1 resource from src\main\resources to target\classes
[INFO] Copying 3 resources from src\main\resources to target\classes
[INFO] 
[INFO] --- compiler:3.11.0:compile (default-compile) @ simcop-backend ---
[INFO] Changes detected - recompiling the module! :source
[INFO] Compiling 122 source files with javac [debug release 17] to target\classes
[INFO] -------------------------------------------------------------
[ERROR] COMPILATION ERROR : 
[INFO] -------------------------------------------------------------
[ERROR] /D:/desarrollos 2/simcop 3.0/backend/src/main/java/com/simcop/util/GeoUtils.java:[19,42] cannot find symbol
  symbol:   method getLatitude()
  location: variable loc1 of type com.simcop.model.embeddable.GeoLocation
[ERROR] /D:/desarrollos 2/simcop 3.0/backend/src/main/java/com/simcop/util/GeoUtils.java:[20,42] cannot find symbol
  symbol:   method getLongitude()
  location: variable loc1 of type com.simcop.model.embeddable.GeoLocation
[ERROR] /D:/desarrollos 2/simcop 3.0/backend/src/main/java/com/simcop/util/GeoUtils.java:[21,42] cannot find symbol
  symbol:   method getLatitude()
  location: variable loc2 of type com.simcop.model.embeddable.GeoLocation
[ERROR] /D:/desarrollos 2/simcop 3.0/backend/src/main/java/com/simcop/util/GeoUtils.java:[22,42] cannot find symbol
  symbol:   method getLongitude()
  location: variable loc2 of type com.simcop.model.embeddable.GeoLocation
[INFO] 4 errors 
[INFO] -------------------------------------------------------------
[INFO] ------------------------------------------------------------------------
[INFO] BUILD FAILURE
[INFO] ------------------------------------------------------------------------
[INFO] Total time:  3.101 s
[INFO] Finished at: 2026-01-31T19:44:40-05:00
[INFO] ------------------------------------------------------------------------
[ERROR] Failed to execute goal org.apache.maven.plugins:maven-compiler-plugin:3.11.0:compile (default-compile) on project simcop-backend: Compilation failure: Compilation failure: 
[ERROR] /D:/desarrollos 2/simcop 3.0/backend/src/main/java/com/simcop/util/GeoUtils.java:[19,42] cannot find symbol
[ERROR]   symbol:   method getLatitude()
[ERROR]   location: variable loc1 of type com.simcop.model.embeddable.GeoLocation
[ERROR] /D:/desarrollos 2/simcop 3.0/backend/src/main/java/com/simcop/util/GeoUtils.java:[20,42] cannot find symbol
[ERROR]   symbol:   method getLongitude()
[ERROR]   location: variable loc1 of type com.simcop.model.embeddable.GeoLocation
[ERROR] /D:/desarrollos 2/simcop 3.0/backend/src/main/java/com/simcop/util/GeoUtils.java:[21,42] cannot find symbol
[ERROR]   symbol:   method getLatitude()
[ERROR]   location: variable loc2 of type com.simcop.model.embeddable.GeoLocation
[ERROR] /D:/desarrollos 2/simcop 3.0/backend/src/main/java/com/simcop/util/GeoUtils.java:[22,42] cannot find symbol
[ERROR]   symbol:   method getLongitude()
[ERROR]   location: variable loc2 of type com.simcop.model.embeddable.GeoLocation
[ERROR] -> [Help 1]
[ERROR] 
[ERROR] To see the full stack trace of the errors, re-run Maven with the -e switch.
[ERROR] Re-run Maven using the -X switch to enable full debug logging.
[ERROR] 
[ERROR] For more information about the errors and possible solutions, please read the following articles:
[ERROR] [Help 1] http://cwiki.apache.org/confluence/display/MAVEN/MojoFailureException
