Testing Unit Creation...
[WITH_ID] Status: 400
[WITH_ID] Response: {"timestamp":"2025-11-28T11:51:32.301+00:00","status":400,"error":"Bad Request","path":"/api/units"}
[WITHOUT_ID] Status: 400
[WITHOUT_ID] Response: {"timestamp":"2025-11-28T11:51:33.310+00:00","status":400,"error":"Bad Request","path":"/api/units"}
